// Jest Snapshot v1, https://goo.gl/fbAQLP

exports[`<App /> should render correctly by snapshot 1`] = `<App />`;
